../Core/Src/main.c:69:6:setLED_MLOCAL	16	static
../Core/Src/main.c:78:6:setLED_MSERIAL	16	static
../Core/Src/main.c:87:6:setLED_BSY	16	static
../Core/Src/main.c:101:5:main	16	static
../Core/Src/main.c:153:6:SystemClock_Config	112	static
../Core/Src/main.c:196:13:MX_USART1_UART_Init	8	static
../Core/Src/main.c:231:13:MX_USART2_UART_Init	8	static
../Core/Src/main.c:266:13:MX_GPIO_Init	48	static
../Core/Src/main.c:318:7:buffer_to_hexstr	32	static
../Core/Src/main.c:339:6:HAL_UART_RxCpltCallback	16	static
../Core/Src/main.c:349:6:Error_Handler	8	static,ignoring_inline_asm
